{2 , NUM , 4}
{ , SEMICOLON , 4}
{3 , NUM , 4}
{3.1415 , REALNUM , 7}
{ , END_OF_FILE , 9}
